122:            console.error(`[Broadcast Resumed] Failed to send to ${userId}:`, sendErr);
129:    console.error("[Broadcast Resumed] Error reading telegram_users:", err);
147:        broadcastBotResumed().catch((e) => console.error("Broadcast resumed fail: ", e));
176:    console.error("[Telegram Runtime] Error listening to bot_settings:", err);
244:        console.error(`Direct notification failed for admin ${adminId}:`, err);
395:      console.error("Failed to auto-register sender in Firestore:", e);
451:      console.error(`[PersistentMap] Failed to load data from ${this.filePath}:`, err);
470:          .catch((err) => console.error(`[PersistentMap Firestore Sync] Failed to write ${this.syncToFirestoreKey} for ${docId}:`, err));
473:      console.error(`[PersistentMap] Failed to save data to ${this.filePath}:`, err);
561:      console.error("Error checking open TG session in DB:", err);
577:        console.error("Error closing stale TG session:", err);
600:        console.error("Error creating fresh TG session:", err);
610:        console.error("Error updating TG session heartbeat:", err);
634:      console.error("Error spawning brand new TG session:", err);
673:    console.error("[Sweeper] Error sweeping inactive sessions:", err);
823:      console.error("Dynamic menu load error:", e);
919:    console.error("Balance check error:", e);
980:      console.error("DB check auth error:", e);
1051:      console.error("Auto-registration error:", e);
1112:          console.error("Referral process error:", e);
1145:      console.error("Failed to save telegram user doc:", e);
1212:    console.error("Add balance error:", e);
1327:    console.error("Unanswered messages error:", err);
1358:    console.error("Update systemInfo error:", e);
1552:      console.error("Logout error", e);
2040:    console.error("Presentation generation err:", err);
2250:    console.error("Document generation error:", err);
2363:    console.error("Test word generation err:", err);
2393:    console.error("Translation err:", err);
2732:        console.error("[Telegram Cheque] Admin healing failed:", adminHealErr);
2833:          console.error("[Broadcast] Local file fallback reading error:", e);
2851:                console.error(`[Broadcast] Failed to send message to ${tgId}:`, copyErr?.message || copyErr);
2864:          .catch((e) => console.error(e));
3208:              console.error("PPTX gen error:", err);
3316:              console.error("Test docx error:", e);
3432:              console.error("Document docx error:", e);
3442:        console.error("AI Service error:", err);
3560:        console.error("AI Assistant error detail:", err);
3647:      console.error("Statistics error:", err);
3794:      console.error("[Balance] CRITICAL ERROR:", e);
3949:        console.error("Logout error", e);
4103:             console.error(`Notify user ${targetId} failed:`, e);
4134:            console.error("Firestore payment status update fail:", e);
4157:        console.error("Payment approval error:", e);
4339:          console.error("Failed to add admin message", e);
4537:                console.error("Failed to create admin doc:", err);
4615:          console.error("Login verification post-auth checking error:", e);
5033:  console.error(`[Telegraf Global Catch] Fault in processing update ${ctx.update?.update_id || "unknown"}:`, err);
5069:    .catch((e) => console.error("Could not set bot description", e));
5257:                        console.error("TG MSG: ", e);
5269:            console.error("Error sending TG msg", e);
5324:                        console.error("TG MSG Test Notif: ", e);
5331:            console.error("Test notification error:", e);
5375:                      console.error("TG MSG Cert Notif: ", e);
5410:                      console.error("TG MSG BDay: ", e);
5438:          .catch((e) => console.error("Could not set menu button", e));
5474:                        console.error(`[Broadcast] Failed to send restart notice to ${userId}:`, sendErr);
5485:                console.error("[Broadcast] Failed to read telegram_users collection for restart notice:", err);
5495:          console.error("[Telegram] Launch failed with error:", err.message || err, "Retrying in 5 seconds...");
